
Inactive Modules:
  1) expat/2.2.9         3) libffi/3.3                5) netcdf-fortran-mpi/4.5.2
  2) hdf5-mpi/1.10.6     4) netcdf-c++4-mpi/4.3.1     6) netcdf-mpi/4.7.4

Due to MODULEPATH changes, the following have been reloaded:
  1) g2clib/1.6.0     2) mpi4py/3.0.3     3) ncl/6.6.2     4) udunits/2.2.26

The following have been reloaded with a version change:
  1) StdEnv/2020 => StdEnv/2018.3         8) imkl/2020.1.217 => imkl/2018.3.222
  2) esmf/8.0.1 => esmf/7.1.0r            9) intel/2020.1.217 => intel/2018.3
  3) g2lib/3.1.0 => g2lib/1.4.0          10) jasper/2.0.16 => jasper/1.900.1
  4) gcccore/.9.3.0 => gcccore/.7.3.0    11) mii/1.1.2 => mii/1.1.1
  5) gdal/3.0.4 => gdal/2.1.3            12) openmpi/4.0.3 => openmpi/3.1.2
  6) gsl/2.6 => gsl/2.5                  13) python/3.10.2 => python/3.7.4
  7) hdf/4.2.15 => hdf/4.2.12

 starting wrf task            0  of            2
 starting wrf task            1  of            2
slurmstepd: error: *** STEP 7663755.0 ON gra1150 CANCELLED AT 2023-07-06T02:00:20 DUE TO TIME LIMIT ***
slurmstepd: error: *** JOB 7663755 ON gra1150 CANCELLED AT 2023-07-06T02:00:20 DUE TO TIME LIMIT ***
