
The following have been reloaded with a version change:
  1) StdEnv/2020 => StdEnv/2018.3           4) intel/2020.1.217 => intel/2018.3
  2) gcccore/.9.3.0 => gcccore/.7.3.0       5) mii/1.1.2 => mii/1.1.1
  3) imkl/2020.1.217 => imkl/2018.3.222     6) openmpi/4.0.3 => openmpi/3.1.2

 starting wrf task            0  of            2
 starting wrf task            1  of            2
slurmstepd: error: *** STEP 7683035.0 ON gra1153 CANCELLED AT 2023-07-07T20:59:27 ***
srun: Job step aborted: Waiting up to 62 seconds for job step to finish.
srun: error: gra1153: task 0: Killed
srun: launch/slurm: _step_signal: Terminating StepId=7683035.0
srun: error: gra1338: task 1: Killed
